[2024-10-08T07:25:06.536+0300][gc,heap] Heap region size: 1M
[2024-10-08T07:25:06.541+0300][gc     ] Using G1
[2024-10-08T07:25:06.542+0300][gc,heap,coops] Heap address: 0x00000000c0000000, size: 1024 MB, Compressed Oops mode: 32-bit
[2024-10-08T07:25:06.542+0300][gc,cds       ] Mark closed archive regions in map: [0x00000000fff00000, 0x00000000fff6bff8]
[2024-10-08T07:25:06.542+0300][gc,cds       ] Mark open archive regions in map: [0x00000000ffe00000, 0x00000000ffe47ff8]
[2024-10-08T07:25:07.800+0300][gc,heap,exit ] Heap
[2024-10-08T07:25:07.801+0300][gc,heap,exit ]  garbage-first heap   total 1048576K, used 32464K [0x00000000c0000000, 0x0000000100000000)
[2024-10-08T07:25:07.802+0300][gc,heap,exit ]   region size 1024K, 32 young (32768K), 0 survivors (0K)
[2024-10-08T07:25:07.802+0300][gc,heap,exit ]  Metaspace       used 10246K, capacity 10567K, committed 10880K, reserved 1058816K
[2024-10-08T07:25:07.803+0300][gc,heap,exit ]   class space    used 1260K, capacity 1379K, committed 1408K, reserved 1048576K
