[2024-10-08T07:26:36.531+0300][gc,heap] Heap region size: 1M
[2024-10-08T07:26:36.537+0300][gc     ] Using G1
[2024-10-08T07:26:36.537+0300][gc,heap,coops] Heap address: 0x00000000c0000000, size: 1024 MB, Compressed Oops mode: 32-bit
[2024-10-08T07:26:36.537+0300][gc,cds       ] Mark closed archive regions in map: [0x00000000fff00000, 0x00000000fff6bff8]
[2024-10-08T07:26:36.537+0300][gc,cds       ] Mark open archive regions in map: [0x00000000ffe00000, 0x00000000ffe47ff8]
[2024-10-08T07:26:38.071+0300][gc,start     ] GC(0) Pause Young (Normal) (G1 Evacuation Pause)
[2024-10-08T07:26:38.072+0300][gc,task      ] GC(0) Using 8 workers of 8 for evacuation
[2024-10-08T07:26:38.083+0300][gc,phases    ] GC(0)   Pre Evacuate Collection Set: 0.0ms
[2024-10-08T07:26:38.084+0300][gc,phases    ] GC(0)   Evacuate Collection Set: 10.3ms
[2024-10-08T07:26:38.084+0300][gc,phases    ] GC(0)   Post Evacuate Collection Set: 0.7ms
[2024-10-08T07:26:38.084+0300][gc,phases    ] GC(0)   Other: 1.4ms
[2024-10-08T07:26:38.084+0300][gc,heap      ] GC(0) Eden regions: 51->0(44)
[2024-10-08T07:26:38.084+0300][gc,heap      ] GC(0) Survivor regions: 0->7(7)
[2024-10-08T07:26:38.085+0300][gc,heap      ] GC(0) Old regions: 2->2
[2024-10-08T07:26:38.085+0300][gc,heap      ] GC(0) Humongous regions: 0->0
[2024-10-08T07:26:38.085+0300][gc,metaspace ] GC(0) Metaspace: 14734K(15360K)->14734K(15360K) NonClass: 12910K(13312K)->12910K(13312K) Class: 1824K(2048K)->1824K(2048K)
[2024-10-08T07:26:38.085+0300][gc           ] GC(0) Pause Young (Normal) (G1 Evacuation Pause) 51M->7M(1024M) 14.154ms
[2024-10-08T07:26:38.085+0300][gc,cpu       ] GC(0) User=0.07s Sys=0.00s Real=0.01s
[2024-10-08T07:26:38.713+0300][gc,start     ] GC(1) Pause Young (Concurrent Start) (Metadata GC Threshold)
[2024-10-08T07:26:38.714+0300][gc,task      ] GC(1) Using 8 workers of 8 for evacuation
[2024-10-08T07:26:38.726+0300][gc,phases    ] GC(1)   Pre Evacuate Collection Set: 0.1ms
[2024-10-08T07:26:38.726+0300][gc,phases    ] GC(1)   Evacuate Collection Set: 11.2ms
[2024-10-08T07:26:38.726+0300][gc,phases    ] GC(1)   Post Evacuate Collection Set: 0.6ms
[2024-10-08T07:26:38.726+0300][gc,phases    ] GC(1)   Other: 0.6ms
[2024-10-08T07:26:38.726+0300][gc,heap      ] GC(1) Eden regions: 25->0(49)
[2024-10-08T07:26:38.726+0300][gc,heap      ] GC(1) Survivor regions: 7->2(7)
[2024-10-08T07:26:38.727+0300][gc,heap      ] GC(1) Old regions: 2->9
[2024-10-08T07:26:38.727+0300][gc,heap      ] GC(1) Humongous regions: 0->0
[2024-10-08T07:26:38.727+0300][gc,metaspace ] GC(1) Metaspace: 20648K(21248K)->20648K(21248K) NonClass: 18114K(18432K)->18114K(18432K) Class: 2534K(2816K)->2534K(2816K)
[2024-10-08T07:26:38.727+0300][gc           ] GC(1) Pause Young (Concurrent Start) (Metadata GC Threshold) 31M->8M(1024M) 13.523ms
[2024-10-08T07:26:38.727+0300][gc,cpu       ] GC(1) User=0.03s Sys=0.05s Real=0.02s
[2024-10-08T07:26:38.727+0300][gc           ] GC(2) Concurrent Cycle
[2024-10-08T07:26:38.727+0300][gc,marking   ] GC(2) Concurrent Clear Claimed Marks
[2024-10-08T07:26:38.727+0300][gc,marking   ] GC(2) Concurrent Clear Claimed Marks 0.158ms
[2024-10-08T07:26:38.728+0300][gc,marking   ] GC(2) Concurrent Scan Root Regions
[2024-10-08T07:26:38.729+0300][gc,marking   ] GC(2) Concurrent Scan Root Regions 0.905ms
[2024-10-08T07:26:38.729+0300][gc,marking   ] GC(2) Concurrent Mark (2.213s)
[2024-10-08T07:26:38.729+0300][gc,marking   ] GC(2) Concurrent Mark From Roots
[2024-10-08T07:26:38.729+0300][gc,task      ] GC(2) Using 2 workers of 2 for marking
[2024-10-08T07:26:38.734+0300][gc,marking   ] GC(2) Concurrent Mark From Roots 5.112ms
[2024-10-08T07:26:38.734+0300][gc,marking   ] GC(2) Concurrent Preclean
[2024-10-08T07:26:38.734+0300][gc,marking   ] GC(2) Concurrent Preclean 0.185ms
[2024-10-08T07:26:38.734+0300][gc,marking   ] GC(2) Concurrent Mark (2.213s, 2.218s) 5.697ms
[2024-10-08T07:26:38.735+0300][gc,start     ] GC(2) Pause Remark
[2024-10-08T07:26:38.737+0300][gc,stringtable] GC(2) Cleaned string and symbol table, strings: 5653 processed, 0 removed, symbols: 51546 processed, 41 removed
[2024-10-08T07:26:38.737+0300][gc            ] GC(2) Pause Remark 8M->8M(1024M) 2.365ms
[2024-10-08T07:26:38.737+0300][gc,cpu        ] GC(2) User=0.00s Sys=0.01s Real=0.01s
[2024-10-08T07:26:38.737+0300][gc,marking    ] GC(2) Concurrent Rebuild Remembered Sets
[2024-10-08T07:26:38.739+0300][gc,marking    ] GC(2) Concurrent Rebuild Remembered Sets 1.649ms
[2024-10-08T07:26:38.739+0300][gc,start      ] GC(2) Pause Cleanup
[2024-10-08T07:26:38.740+0300][gc            ] GC(2) Pause Cleanup 8M->8M(1024M) 0.318ms
[2024-10-08T07:26:38.740+0300][gc,cpu        ] GC(2) User=0.00s Sys=0.00s Real=0.00s
[2024-10-08T07:26:38.740+0300][gc,marking    ] GC(2) Concurrent Cleanup for Next Mark
[2024-10-08T07:26:38.743+0300][gc,marking    ] GC(2) Concurrent Cleanup for Next Mark 2.614ms
[2024-10-08T07:26:38.743+0300][gc            ] GC(2) Concurrent Cycle 15.626ms
[2024-10-08T07:26:39.458+0300][gc,start      ] GC(3) Pause Young (Normal) (G1 Evacuation Pause)
[2024-10-08T07:26:39.458+0300][gc,task       ] GC(3) Using 8 workers of 8 for evacuation
[2024-10-08T07:26:39.460+0300][gc,phases     ] GC(3)   Pre Evacuate Collection Set: 0.0ms
[2024-10-08T07:26:39.461+0300][gc,phases     ] GC(3)   Evacuate Collection Set: 1.6ms
[2024-10-08T07:26:39.461+0300][gc,phases     ] GC(3)   Post Evacuate Collection Set: 0.5ms
[2024-10-08T07:26:39.461+0300][gc,phases     ] GC(3)   Other: 0.5ms
[2024-10-08T07:26:39.461+0300][gc,heap       ] GC(3) Eden regions: 49->0(46)
[2024-10-08T07:26:39.461+0300][gc,heap       ] GC(3) Survivor regions: 2->5(7)
[2024-10-08T07:26:39.461+0300][gc,heap       ] GC(3) Old regions: 9->9
[2024-10-08T07:26:39.461+0300][gc,heap       ] GC(3) Humongous regions: 129->129
[2024-10-08T07:26:39.461+0300][gc,metaspace  ] GC(3) Metaspace: 29071K(30208K)->29071K(30208K) NonClass: 25677K(26368K)->25677K(26368K) Class: 3393K(3840K)->3393K(3840K)
[2024-10-08T07:26:39.461+0300][gc            ] GC(3) Pause Young (Normal) (G1 Evacuation Pause) 186M->140M(1024M) 3.600ms
[2024-10-08T07:26:39.461+0300][gc,cpu        ] GC(3) User=0.01s Sys=0.00s Real=0.00s
[2024-10-08T07:26:39.818+0300][gc,start      ] GC(4) Pause Young (Concurrent Start) (Metadata GC Threshold)
[2024-10-08T07:26:39.818+0300][gc,task       ] GC(4) Using 8 workers of 8 for evacuation
[2024-10-08T07:26:39.827+0300][gc,phases     ] GC(4)   Pre Evacuate Collection Set: 0.1ms
[2024-10-08T07:26:39.827+0300][gc,phases     ] GC(4)   Evacuate Collection Set: 7.9ms
[2024-10-08T07:26:39.827+0300][gc,phases     ] GC(4)   Post Evacuate Collection Set: 0.5ms
[2024-10-08T07:26:39.827+0300][gc,phases     ] GC(4)   Other: 0.5ms
[2024-10-08T07:26:39.827+0300][gc,heap       ] GC(4) Eden regions: 27->0(45)
[2024-10-08T07:26:39.827+0300][gc,heap       ] GC(4) Survivor regions: 5->6(7)
[2024-10-08T07:26:39.827+0300][gc,heap       ] GC(4) Old regions: 9->10
[2024-10-08T07:26:39.827+0300][gc,heap       ] GC(4) Humongous regions: 129->129
[2024-10-08T07:26:39.828+0300][gc,metaspace  ] GC(4) Metaspace: 34356K(35840K)->34356K(35840K) NonClass: 30337K(31232K)->30337K(31232K) Class: 4019K(4608K)->4019K(4608K)
[2024-10-08T07:26:39.828+0300][gc            ] GC(4) Pause Young (Concurrent Start) (Metadata GC Threshold) 166M->142M(1024M) 10.131ms
[2024-10-08T07:26:39.828+0300][gc,cpu        ] GC(4) User=0.06s Sys=0.00s Real=0.01s
[2024-10-08T07:26:39.828+0300][gc            ] GC(5) Concurrent Cycle
[2024-10-08T07:26:39.828+0300][gc,marking    ] GC(5) Concurrent Clear Claimed Marks
[2024-10-08T07:26:39.829+0300][gc,marking    ] GC(5) Concurrent Clear Claimed Marks 0.357ms
[2024-10-08T07:26:39.829+0300][gc,marking    ] GC(5) Concurrent Scan Root Regions
[2024-10-08T07:26:39.831+0300][gc,marking    ] GC(5) Concurrent Scan Root Regions 1.995ms
[2024-10-08T07:26:39.831+0300][gc,marking    ] GC(5) Concurrent Mark (3.315s)
[2024-10-08T07:26:39.831+0300][gc,marking    ] GC(5) Concurrent Mark From Roots
[2024-10-08T07:26:39.833+0300][gc,task       ] GC(5) Using 2 workers of 2 for marking
[2024-10-08T07:26:39.839+0300][gc,marking    ] GC(5) Concurrent Mark From Roots 7.904ms
[2024-10-08T07:26:39.840+0300][gc,marking    ] GC(5) Concurrent Preclean
[2024-10-08T07:26:39.840+0300][gc,marking    ] GC(5) Concurrent Preclean 0.323ms
[2024-10-08T07:26:39.840+0300][gc,marking    ] GC(5) Concurrent Mark (3.315s, 3.324s) 9.174ms
[2024-10-08T07:26:39.841+0300][gc,start      ] GC(5) Pause Remark
[2024-10-08T07:26:39.848+0300][gc,stringtable] GC(5) Cleaned string and symbol table, strings: 11249 processed, 10 removed, symbols: 83789 processed, 17 removed
[2024-10-08T07:26:39.849+0300][gc            ] GC(5) Pause Remark 143M->143M(1024M) 8.745ms
[2024-10-08T07:26:39.850+0300][gc,cpu        ] GC(5) User=0.05s Sys=0.00s Real=0.01s
[2024-10-08T07:26:39.850+0300][gc,marking    ] GC(5) Concurrent Rebuild Remembered Sets
[2024-10-08T07:26:39.854+0300][gc,marking    ] GC(5) Concurrent Rebuild Remembered Sets 3.927ms
[2024-10-08T07:26:39.855+0300][gc,start      ] GC(5) Pause Cleanup
[2024-10-08T07:26:39.855+0300][gc            ] GC(5) Pause Cleanup 143M->143M(1024M) 0.387ms
[2024-10-08T07:26:39.855+0300][gc,cpu        ] GC(5) User=0.00s Sys=0.00s Real=0.00s
[2024-10-08T07:26:39.855+0300][gc,marking    ] GC(5) Concurrent Cleanup for Next Mark
[2024-10-08T07:26:39.869+0300][gc,marking    ] GC(5) Concurrent Cleanup for Next Mark 13.863ms
[2024-10-08T07:26:39.870+0300][gc            ] GC(5) Concurrent Cycle 41.939ms
[2024-10-08T07:29:07.457+0300][gc,start      ] GC(6) Pause Young (Normal) (G1 Evacuation Pause)
[2024-10-08T07:29:07.457+0300][gc,task       ] GC(6) Using 8 workers of 8 for evacuation
[2024-10-08T07:29:07.466+0300][gc,phases     ] GC(6)   Pre Evacuate Collection Set: 0.3ms
[2024-10-08T07:29:07.466+0300][gc,phases     ] GC(6)   Evacuate Collection Set: 6.9ms
[2024-10-08T07:29:07.466+0300][gc,phases     ] GC(6)   Post Evacuate Collection Set: 0.8ms
[2024-10-08T07:29:07.467+0300][gc,phases     ] GC(6)   Other: 0.6ms
[2024-10-08T07:29:07.467+0300][gc,heap       ] GC(6) Eden regions: 45->0(46)
[2024-10-08T07:29:07.467+0300][gc,heap       ] GC(6) Survivor regions: 6->5(7)
[2024-10-08T07:29:07.467+0300][gc,heap       ] GC(6) Old regions: 10->13
[2024-10-08T07:29:07.468+0300][gc,heap       ] GC(6) Humongous regions: 129->129
[2024-10-08T07:29:07.468+0300][gc,metaspace  ] GC(6) Metaspace: 40556K(43008K)->40556K(43008K) NonClass: 35286K(36608K)->35286K(36608K) Class: 5270K(6400K)->5270K(6400K)
[2024-10-08T07:29:07.468+0300][gc            ] GC(6) Pause Young (Normal) (G1 Evacuation Pause) 187M->144M(1024M) 11.125ms
[2024-10-08T07:29:07.469+0300][gc,cpu        ] GC(6) User=0.03s Sys=0.01s Real=0.01s
[2024-10-08T08:05:05.578+0300][gc,start      ] GC(7) Pause Young (Normal) (G1 Evacuation Pause)
[2024-10-08T08:05:05.579+0300][gc,task       ] GC(7) Using 8 workers of 8 for evacuation
[2024-10-08T08:05:05.584+0300][gc,phases     ] GC(7)   Pre Evacuate Collection Set: 0.2ms
[2024-10-08T08:05:05.584+0300][gc,phases     ] GC(7)   Evacuate Collection Set: 3.3ms
[2024-10-08T08:05:05.584+0300][gc,phases     ] GC(7)   Post Evacuate Collection Set: 1.0ms
[2024-10-08T08:05:05.585+0300][gc,phases     ] GC(7)   Other: 1.1ms
[2024-10-08T08:05:05.585+0300][gc,heap       ] GC(7) Eden regions: 46->0(47)
[2024-10-08T08:05:05.585+0300][gc,heap       ] GC(7) Survivor regions: 5->4(7)
[2024-10-08T08:05:05.586+0300][gc,heap       ] GC(7) Old regions: 13->15
[2024-10-08T08:05:05.586+0300][gc,heap       ] GC(7) Humongous regions: 129->129
[2024-10-08T08:05:05.586+0300][gc,metaspace  ] GC(7) Metaspace: 42634K(45440K)->42634K(45440K) NonClass: 37004K(38400K)->37004K(38400K) Class: 5630K(7040K)->5630K(7040K)
[2024-10-08T08:05:05.587+0300][gc            ] GC(7) Pause Young (Normal) (G1 Evacuation Pause) 190M->145M(1024M) 8.836ms
[2024-10-08T08:05:05.587+0300][gc,cpu        ] GC(7) User=0.02s Sys=0.00s Real=0.01s
[2024-10-08T08:42:34.913+0300][gc,start      ] GC(8) Pause Young (Normal) (G1 Evacuation Pause)
[2024-10-08T08:42:34.914+0300][gc,task       ] GC(8) Using 8 workers of 8 for evacuation
[2024-10-08T08:42:34.940+0300][gc,mmu        ] GC(8) MMU target violated: 21.0ms (20.0ms/21.0ms)
[2024-10-08T08:42:34.940+0300][gc,phases     ] GC(8)   Pre Evacuate Collection Set: 7.8ms
[2024-10-08T08:42:34.941+0300][gc,phases     ] GC(8)   Evacuate Collection Set: 14.3ms
[2024-10-08T08:42:34.941+0300][gc,phases     ] GC(8)   Post Evacuate Collection Set: 2.3ms
[2024-10-08T08:42:34.941+0300][gc,phases     ] GC(8)   Other: 3.8ms
[2024-10-08T08:42:34.942+0300][gc,heap       ] GC(8) Eden regions: 47->0(47)
[2024-10-08T08:42:34.942+0300][gc,heap       ] GC(8) Survivor regions: 4->4(7)
[2024-10-08T08:42:34.942+0300][gc,heap       ] GC(8) Old regions: 15->15
[2024-10-08T08:42:34.942+0300][gc,heap       ] GC(8) Humongous regions: 129->129
[2024-10-08T08:42:34.942+0300][gc,metaspace  ] GC(8) Metaspace: 42861K(45696K)->42861K(45696K) NonClass: 37225K(38656K)->37225K(38656K) Class: 5635K(7040K)->5635K(7040K)
[2024-10-08T08:42:34.943+0300][gc            ] GC(8) Pause Young (Normal) (G1 Evacuation Pause) 192M->145M(1024M) 29.907ms
[2024-10-08T08:42:34.943+0300][gc,cpu        ] GC(8) User=0.13s Sys=0.00s Real=0.03s
[2024-10-08T09:45:41.353+0300][gc,start      ] GC(9) Pause Young (Normal) (G1 Evacuation Pause)
[2024-10-08T09:45:41.354+0300][gc,task       ] GC(9) Using 8 workers of 8 for evacuation
[2024-10-08T09:45:41.381+0300][gc,mmu        ] GC(9) MMU target violated: 21.0ms (20.0ms/21.0ms)
[2024-10-08T09:45:41.382+0300][gc,phases     ] GC(9)   Pre Evacuate Collection Set: 8.3ms
[2024-10-08T09:45:41.383+0300][gc,phases     ] GC(9)   Evacuate Collection Set: 15.3ms
[2024-10-08T09:45:41.383+0300][gc,phases     ] GC(9)   Post Evacuate Collection Set: 2.3ms
[2024-10-08T09:45:41.383+0300][gc,phases     ] GC(9)   Other: 4.1ms
[2024-10-08T09:45:41.384+0300][gc,heap       ] GC(9) Eden regions: 47->0(47)
[2024-10-08T09:45:41.384+0300][gc,heap       ] GC(9) Survivor regions: 4->4(7)
[2024-10-08T09:45:41.384+0300][gc,heap       ] GC(9) Old regions: 15->15
[2024-10-08T09:45:41.385+0300][gc,heap       ] GC(9) Humongous regions: 129->129
[2024-10-08T09:45:41.386+0300][gc,metaspace  ] GC(9) Metaspace: 42909K(45696K)->42909K(45696K) NonClass: 37273K(38656K)->37273K(38656K) Class: 5635K(7040K)->5635K(7040K)
[2024-10-08T09:45:41.387+0300][gc            ] GC(9) Pause Young (Normal) (G1 Evacuation Pause) 192M->145M(1024M) 34.266ms
[2024-10-08T09:45:41.388+0300][gc,cpu        ] GC(9) User=0.14s Sys=0.00s Real=0.03s
[2024-10-08T10:23:37.343+0300][gc,start      ] GC(10) Pause Young (Normal) (G1 Evacuation Pause)
[2024-10-08T10:23:37.344+0300][gc,task       ] GC(10) Using 8 workers of 8 for evacuation
[2024-10-08T10:23:37.394+0300][gc,mmu        ] GC(10) MMU target violated: 21.0ms (20.0ms/21.0ms)
[2024-10-08T10:23:37.394+0300][gc,phases     ] GC(10)   Pre Evacuate Collection Set: 8.6ms
[2024-10-08T10:23:37.395+0300][gc,phases     ] GC(10)   Evacuate Collection Set: 37.6ms
[2024-10-08T10:23:37.395+0300][gc,phases     ] GC(10)   Post Evacuate Collection Set: 2.5ms
[2024-10-08T10:23:37.395+0300][gc,phases     ] GC(10)   Other: 3.0ms
[2024-10-08T10:23:37.395+0300][gc,heap       ] GC(10) Eden regions: 47->0(47)
[2024-10-08T10:23:37.396+0300][gc,heap       ] GC(10) Survivor regions: 4->4(7)
[2024-10-08T10:23:37.396+0300][gc,heap       ] GC(10) Old regions: 15->15
[2024-10-08T10:23:37.396+0300][gc,heap       ] GC(10) Humongous regions: 129->129
[2024-10-08T10:23:37.396+0300][gc,metaspace  ] GC(10) Metaspace: 42942K(45696K)->42942K(45696K) NonClass: 37306K(38656K)->37306K(38656K) Class: 5635K(7040K)->5635K(7040K)
[2024-10-08T10:23:37.397+0300][gc            ] GC(10) Pause Young (Normal) (G1 Evacuation Pause) 192M->145M(1024M) 54.249ms
[2024-10-08T10:23:37.397+0300][gc,cpu        ] GC(10) User=0.31s Sys=0.00s Real=0.05s
[2024-10-08T11:08:39.301+0300][gc,start      ] GC(11) Pause Young (Normal) (G1 Evacuation Pause)
[2024-10-08T11:08:39.302+0300][gc,task       ] GC(11) Using 8 workers of 8 for evacuation
[2024-10-08T11:08:39.335+0300][gc,mmu        ] GC(11) MMU target violated: 21.0ms (20.0ms/21.0ms)
[2024-10-08T11:08:39.335+0300][gc,phases     ] GC(11)   Pre Evacuate Collection Set: 9.3ms
[2024-10-08T11:08:39.336+0300][gc,phases     ] GC(11)   Evacuate Collection Set: 20.4ms
[2024-10-08T11:08:39.336+0300][gc,phases     ] GC(11)   Post Evacuate Collection Set: 2.4ms
[2024-10-08T11:08:39.336+0300][gc,phases     ] GC(11)   Other: 2.3ms
[2024-10-08T11:08:39.337+0300][gc,heap       ] GC(11) Eden regions: 47->0(47)
[2024-10-08T11:08:39.337+0300][gc,heap       ] GC(11) Survivor regions: 4->4(7)
[2024-10-08T11:08:39.337+0300][gc,heap       ] GC(11) Old regions: 15->15
[2024-10-08T11:08:39.337+0300][gc,heap       ] GC(11) Humongous regions: 129->129
[2024-10-08T11:08:39.338+0300][gc,metaspace  ] GC(11) Metaspace: 42949K(45696K)->42949K(45696K) NonClass: 37313K(38656K)->37313K(38656K) Class: 5635K(7040K)->5635K(7040K)
[2024-10-08T11:08:39.338+0300][gc            ] GC(11) Pause Young (Normal) (G1 Evacuation Pause) 192M->145M(1024M) 36.978ms
[2024-10-08T11:08:39.338+0300][gc,cpu        ] GC(11) User=0.18s Sys=0.00s Real=0.03s
[2024-10-08T11:53:17.616+0300][gc,start      ] GC(12) Pause Young (Normal) (G1 Evacuation Pause)
[2024-10-08T11:53:17.618+0300][gc,task       ] GC(12) Using 8 workers of 8 for evacuation
[2024-10-08T11:53:17.669+0300][gc,mmu        ] GC(12) MMU target violated: 21.0ms (20.0ms/21.0ms)
[2024-10-08T11:53:17.670+0300][gc,phases     ] GC(12)   Pre Evacuate Collection Set: 10.1ms
[2024-10-08T11:53:17.670+0300][gc,phases     ] GC(12)   Evacuate Collection Set: 30.2ms
[2024-10-08T11:53:17.670+0300][gc,phases     ] GC(12)   Post Evacuate Collection Set: 9.5ms
[2024-10-08T11:53:17.671+0300][gc,phases     ] GC(12)   Other: 5.0ms
[2024-10-08T11:53:17.671+0300][gc,heap       ] GC(12) Eden regions: 47->0(47)
[2024-10-08T11:53:17.671+0300][gc,heap       ] GC(12) Survivor regions: 4->4(7)
[2024-10-08T11:53:17.672+0300][gc,heap       ] GC(12) Old regions: 15->15
[2024-10-08T11:53:17.672+0300][gc,heap       ] GC(12) Humongous regions: 129->129
[2024-10-08T11:53:17.672+0300][gc,metaspace  ] GC(12) Metaspace: 42953K(45696K)->42953K(45696K) NonClass: 37317K(38656K)->37317K(38656K) Class: 5635K(7040K)->5635K(7040K)
[2024-10-08T11:53:17.673+0300][gc            ] GC(12) Pause Young (Normal) (G1 Evacuation Pause) 192M->145M(1024M) 57.041ms
[2024-10-08T11:53:17.673+0300][gc,cpu        ] GC(12) User=0.30s Sys=0.00s Real=0.06s
[2024-10-08T13:32:35.456+0300][gc,start      ] GC(13) Pause Young (Normal) (G1 Evacuation Pause)
[2024-10-08T13:32:35.457+0300][gc,task       ] GC(13) Using 8 workers of 8 for evacuation
[2024-10-08T13:32:35.492+0300][gc,mmu        ] GC(13) MMU target violated: 21.0ms (20.0ms/21.0ms)
[2024-10-08T13:32:35.493+0300][gc,phases     ] GC(13)   Pre Evacuate Collection Set: 9.3ms
[2024-10-08T13:32:35.493+0300][gc,phases     ] GC(13)   Evacuate Collection Set: 20.7ms
[2024-10-08T13:32:35.494+0300][gc,phases     ] GC(13)   Post Evacuate Collection Set: 4.9ms
[2024-10-08T13:32:35.494+0300][gc,phases     ] GC(13)   Other: 2.5ms
[2024-10-08T13:32:35.494+0300][gc,heap       ] GC(13) Eden regions: 47->0(47)
[2024-10-08T13:32:35.495+0300][gc,heap       ] GC(13) Survivor regions: 4->4(7)
[2024-10-08T13:32:35.495+0300][gc,heap       ] GC(13) Old regions: 15->15
[2024-10-08T13:32:35.495+0300][gc,heap       ] GC(13) Humongous regions: 129->129
[2024-10-08T13:32:35.495+0300][gc,metaspace  ] GC(13) Metaspace: 42966K(45696K)->42966K(45696K) NonClass: 37330K(38656K)->37330K(38656K) Class: 5635K(7040K)->5635K(7040K)
[2024-10-08T13:32:35.495+0300][gc            ] GC(13) Pause Young (Normal) (G1 Evacuation Pause) 192M->145M(1024M) 39.718ms
[2024-10-08T13:32:35.496+0300][gc,cpu        ] GC(13) User=0.19s Sys=0.00s Real=0.04s
[2024-10-08T14:16:09.523+0300][gc,start      ] GC(14) Pause Young (Normal) (G1 Evacuation Pause)
[2024-10-08T14:16:09.524+0300][gc,task       ] GC(14) Using 8 workers of 8 for evacuation
[2024-10-08T14:16:09.554+0300][gc,mmu        ] GC(14) MMU target violated: 21.0ms (20.0ms/21.0ms)
[2024-10-08T14:16:09.555+0300][gc,phases     ] GC(14)   Pre Evacuate Collection Set: 10.8ms
[2024-10-08T14:16:09.556+0300][gc,phases     ] GC(14)   Evacuate Collection Set: 15.8ms
[2024-10-08T14:16:09.556+0300][gc,phases     ] GC(14)   Post Evacuate Collection Set: 2.6ms
[2024-10-08T14:16:09.556+0300][gc,phases     ] GC(14)   Other: 3.0ms
[2024-10-08T14:16:09.557+0300][gc,heap       ] GC(14) Eden regions: 47->0(47)
[2024-10-08T14:16:09.557+0300][gc,heap       ] GC(14) Survivor regions: 4->4(7)
[2024-10-08T14:16:09.557+0300][gc,heap       ] GC(14) Old regions: 15->15
[2024-10-08T14:16:09.557+0300][gc,heap       ] GC(14) Humongous regions: 129->129
[2024-10-08T14:16:09.558+0300][gc,metaspace  ] GC(14) Metaspace: 42986K(45952K)->42986K(45952K) NonClass: 37350K(38912K)->37350K(38912K) Class: 5635K(7040K)->5635K(7040K)
[2024-10-08T14:16:09.558+0300][gc            ] GC(14) Pause Young (Normal) (G1 Evacuation Pause) 192M->145M(1024M) 35.172ms
[2024-10-08T14:16:09.558+0300][gc,cpu        ] GC(14) User=0.14s Sys=0.00s Real=0.03s
[2024-10-08T17:22:13.212+0300][gc,start      ] GC(15) Pause Young (Normal) (G1 Evacuation Pause)
[2024-10-08T17:22:13.215+0300][gc,task       ] GC(15) Using 8 workers of 8 for evacuation
[2024-10-08T17:22:13.245+0300][gc,mmu        ] GC(15) MMU target violated: 21.0ms (20.0ms/21.0ms)
[2024-10-08T17:22:13.246+0300][gc,phases     ] GC(15)   Pre Evacuate Collection Set: 8.0ms
[2024-10-08T17:22:13.246+0300][gc,phases     ] GC(15)   Evacuate Collection Set: 18.8ms
[2024-10-08T17:22:13.247+0300][gc,phases     ] GC(15)   Post Evacuate Collection Set: 2.7ms
[2024-10-08T17:22:13.247+0300][gc,phases     ] GC(15)   Other: 4.8ms
[2024-10-08T17:22:13.248+0300][gc,heap       ] GC(15) Eden regions: 47->0(47)
[2024-10-08T17:22:13.248+0300][gc,heap       ] GC(15) Survivor regions: 4->4(7)
[2024-10-08T17:22:13.249+0300][gc,heap       ] GC(15) Old regions: 15->15
[2024-10-08T17:22:13.249+0300][gc,heap       ] GC(15) Humongous regions: 129->129
[2024-10-08T17:22:13.250+0300][gc,metaspace  ] GC(15) Metaspace: 42989K(45952K)->42989K(45952K) NonClass: 37354K(38912K)->37354K(38912K) Class: 5635K(7040K)->5635K(7040K)
[2024-10-08T17:22:13.250+0300][gc            ] GC(15) Pause Young (Normal) (G1 Evacuation Pause) 192M->145M(1024M) 37.930ms
[2024-10-08T17:22:13.251+0300][gc,cpu        ] GC(15) User=0.16s Sys=0.00s Real=0.04s
[2024-10-08T17:59:58.210+0300][gc,start      ] GC(16) Pause Young (Normal) (G1 Evacuation Pause)
[2024-10-08T17:59:58.211+0300][gc,task       ] GC(16) Using 8 workers of 8 for evacuation
[2024-10-08T17:59:58.240+0300][gc,mmu        ] GC(16) MMU target violated: 21.0ms (20.0ms/21.0ms)
[2024-10-08T17:59:58.240+0300][gc,phases     ] GC(16)   Pre Evacuate Collection Set: 8.4ms
[2024-10-08T17:59:58.241+0300][gc,phases     ] GC(16)   Evacuate Collection Set: 17.1ms
[2024-10-08T17:59:58.241+0300][gc,phases     ] GC(16)   Post Evacuate Collection Set: 2.4ms
[2024-10-08T17:59:58.241+0300][gc,phases     ] GC(16)   Other: 2.8ms
[2024-10-08T17:59:58.241+0300][gc,heap       ] GC(16) Eden regions: 47->0(47)
[2024-10-08T17:59:58.242+0300][gc,heap       ] GC(16) Survivor regions: 4->4(7)
[2024-10-08T17:59:58.242+0300][gc,heap       ] GC(16) Old regions: 15->15
[2024-10-08T17:59:58.242+0300][gc,heap       ] GC(16) Humongous regions: 129->129
[2024-10-08T17:59:58.243+0300][gc,metaspace  ] GC(16) Metaspace: 42991K(45952K)->42991K(45952K) NonClass: 37355K(38912K)->37355K(38912K) Class: 5635K(7040K)->5635K(7040K)
[2024-10-08T17:59:58.243+0300][gc            ] GC(16) Pause Young (Normal) (G1 Evacuation Pause) 192M->145M(1024M) 33.123ms
[2024-10-08T17:59:58.243+0300][gc,cpu        ] GC(16) User=0.15s Sys=0.00s Real=0.03s
[2024-10-08T18:39:31.563+0300][gc,start      ] GC(17) Pause Young (Normal) (G1 Evacuation Pause)
[2024-10-08T18:39:31.564+0300][gc,task       ] GC(17) Using 8 workers of 8 for evacuation
[2024-10-08T18:39:31.574+0300][gc,phases     ] GC(17)   Pre Evacuate Collection Set: 1.2ms
[2024-10-08T18:39:31.575+0300][gc,phases     ] GC(17)   Evacuate Collection Set: 7.0ms
[2024-10-08T18:39:31.575+0300][gc,phases     ] GC(17)   Post Evacuate Collection Set: 1.8ms
[2024-10-08T18:39:31.575+0300][gc,phases     ] GC(17)   Other: 1.4ms
[2024-10-08T18:39:31.576+0300][gc,heap       ] GC(17) Eden regions: 47->0(78)
[2024-10-08T18:39:31.576+0300][gc,heap       ] GC(17) Survivor regions: 4->4(7)
[2024-10-08T18:39:31.576+0300][gc,heap       ] GC(17) Old regions: 15->15
[2024-10-08T18:39:31.576+0300][gc,heap       ] GC(17) Humongous regions: 129->129
[2024-10-08T18:39:31.577+0300][gc,metaspace  ] GC(17) Metaspace: 43001K(45952K)->43001K(45952K) NonClass: 37365K(38912K)->37365K(38912K) Class: 5635K(7040K)->5635K(7040K)
[2024-10-08T18:39:31.577+0300][gc            ] GC(17) Pause Young (Normal) (G1 Evacuation Pause) 192M->145M(1024M) 14.123ms
[2024-10-08T18:39:31.577+0300][gc,cpu        ] GC(17) User=0.06s Sys=0.00s Real=0.01s
[2024-10-08T20:14:30.284+0300][gc,start      ] GC(18) Pause Young (Normal) (G1 Evacuation Pause)
[2024-10-08T20:14:30.285+0300][gc,task       ] GC(18) Using 8 workers of 8 for evacuation
[2024-10-08T20:14:30.320+0300][gc,mmu        ] GC(18) MMU target violated: 21.0ms (20.0ms/21.0ms)
[2024-10-08T20:14:30.321+0300][gc,phases     ] GC(18)   Pre Evacuate Collection Set: 9.0ms
[2024-10-08T20:14:30.321+0300][gc,phases     ] GC(18)   Evacuate Collection Set: 21.4ms
[2024-10-08T20:14:30.321+0300][gc,phases     ] GC(18)   Post Evacuate Collection Set: 2.8ms
[2024-10-08T20:14:30.322+0300][gc,phases     ] GC(18)   Other: 4.0ms
[2024-10-08T20:14:30.322+0300][gc,heap       ] GC(18) Eden regions: 78->0(88)
[2024-10-08T20:14:30.323+0300][gc,heap       ] GC(18) Survivor regions: 4->4(11)
[2024-10-08T20:14:30.323+0300][gc,heap       ] GC(18) Old regions: 15->15
[2024-10-08T20:14:30.323+0300][gc,heap       ] GC(18) Humongous regions: 129->129
[2024-10-08T20:14:30.324+0300][gc,metaspace  ] GC(18) Metaspace: 43005K(45952K)->43005K(45952K) NonClass: 37370K(38912K)->37370K(38912K) Class: 5635K(7040K)->5635K(7040K)
[2024-10-08T20:14:30.324+0300][gc            ] GC(18) Pause Young (Normal) (G1 Evacuation Pause) 223M->145M(1024M) 40.222ms
[2024-10-08T20:14:30.325+0300][gc,cpu        ] GC(18) User=0.19s Sys=0.00s Real=0.04s
